2026-01-28 17:23:58,676 - instagram_downloader - INFO - Instagram Downloader API starting up...
2026-01-28 17:36:31,095 - instagram_downloader - INFO - Extracting video information...
2026-01-28 17:36:32,855 - instagram_downloader - INFO - Successfully downloaded: DT8WhSQkl5j.mp4
2026-01-28 17:40:11,391 - instagram_downloader - INFO - Processing download request for: https://www.instagram.com/reel/DUAmXIjgTmm/?igsh=NzgxeXo5dmd6MGhp
2026-01-28 17:40:11,596 - instagram_downloader - INFO - Extracting video information...
2026-01-28 17:40:13,293 - instagram_downloader - INFO - Successfully downloaded: DUAmXIjgTmm.mp4
2026-01-28 17:44:49,665 - instagram_downloader - INFO - Extracting video information...
2026-01-28 17:44:51,058 - instagram_downloader - INFO - Successfully downloaded: DT8WhSQkl5j.mp4
2026-01-28 17:45:57,460 - instagram_downloader - INFO - Processing download request for: https://www.instagram.com/reel/DUAmXIjgTmm/?igsh=NzgxeXo5dmd6MGhp
2026-01-28 17:45:57,535 - instagram_downloader - INFO - Extracting video information...
2026-01-28 17:45:59,165 - instagram_downloader - INFO - Successfully downloaded: DUAmXIjgTmm.mp4
2026-01-28 19:16:05,943 - instagram_downloader - INFO - Instagram Downloader API starting up...
2026-01-28 19:16:14,872 - instagram_downloader - INFO - Extracting video information...
2026-01-28 19:16:16,594 - instagram_downloader - INFO - Successfully extracted video info: DT8WhSQkl5j.mp4
2026-01-28 19:16:21,393 - instagram_downloader - INFO - Extracting video information...
2026-01-28 19:16:22,535 - instagram_downloader - INFO - Successfully extracted video info: DT8WhSQkl5j.mp4
2026-01-28 19:17:11,186 - instagram_downloader - INFO - Extracting video information...
2026-01-28 19:17:12,419 - instagram_downloader - INFO - Successfully extracted video info: DT8WhSQkl5j.mp4
2026-01-28 19:17:17,601 - instagram_downloader - INFO - Instagram Downloader API starting up...
2026-01-28 19:17:38,538 - instagram_downloader - INFO - Extracting video information...
2026-01-28 19:17:40,159 - instagram_downloader - INFO - Successfully extracted video info: DT8WhSQkl5j.mp4
2026-01-28 19:22:05,001 - instagram_downloader - INFO - Successfully extracted: DT8WhSQkl5j.mp4
2026-01-28 19:22:06,314 - instagram_downloader - ERROR - Stream error: [WinError 2] The system cannot find the file specified
Traceback (most recent call last):
  File "F:\InstaDownloader\python\instagram_downloader.py", line 147, in stream
    process = subprocess.Popen(
              ^^^^^^^^^^^^^^^^^
  File "C:\Program Files\Python312\Lib\subprocess.py", line 1026, in __init__
    self._execute_child(args, executable, preexec_fn, close_fds,
  File "C:\Program Files\Python312\Lib\subprocess.py", line 1538, in _execute_child
    hp, ht, pid, tid = _winapi.CreateProcess(executable, args,
                       ^^^^^^^^^^^^^^^^^^^^^^^^^^^^^^^^^^^^^^^
FileNotFoundError: [WinError 2] The system cannot find the file specified
2026-01-28 19:23:35,962 - instagram_downloader - INFO - Instagram Downloader API starting up...
2026-01-28 19:23:44,562 - instagram_downloader - INFO - Instagram Downloader API starting up...
2026-01-28 19:24:14,314 - instagram_downloader - INFO - Processing download request for: https://www.instagram.com/reel/DUAmXIjgTmm/?igsh=NzgxeXo5dmd6MGhp
2026-01-28 19:24:14,638 - instagram_downloader - INFO - Extracting video information...
2026-01-28 19:24:16,238 - instagram_downloader - ERROR - yt-dlp download error: [0;31mERROR:[0m [Instagram] DUAmXIjgTmm: Instagram sent an empty media response. Check if this post is accessible in your browser without being logged-in. If it is not, then use --cookies-from-browser or --cookies for the authentication. See  https://github.com/yt-dlp/yt-dlp/wiki/FAQ#how-do-i-pass-cookies-to-yt-dlp  for how to manually pass cookies. Otherwise, if the post is accessible in browser without being logged-in, please report this issue on  https://github.com/yt-dlp/yt-dlp/issues?q= , filling out the appropriate issue template. Confirm you are on the latest version using  yt-dlp -U
2026-01-28 19:25:59,893 - instagram_downloader - INFO - Instagram Downloader API starting up...
2026-01-28 19:26:12,642 - instagram_downloader - INFO - Extracting video information...
2026-01-28 19:26:14,361 - instagram_downloader - INFO - Successfully downloaded: DT8WhSQkl5j.mp4
2026-01-28 19:27:05,491 - instagram_downloader - INFO - Processing download request for: https://www.instagram.com/reel/DT8oTNwk0lu/?utm_source=ig_web_copy_link&igsh=NTc4MTIwNjQ2YQ==
2026-01-28 19:27:05,635 - instagram_downloader - INFO - Extracting video information...
2026-01-28 19:27:07,300 - instagram_downloader - INFO - Successfully downloaded: DT8oTNwk0lu.mp4
2026-01-28 19:34:29,539 - instagram_downloader - INFO - InstaGrab Media Fetcher API starting up...
2026-01-28 19:36:47,600 - instagram_downloader - INFO - Instagram Downloader API starting up...
2026-01-28 19:36:54,894 - instagram_downloader - INFO - Processing download request for: https://www.instagram.com/reel/DT8oTNwk0lu/?utm_source=ig_web_copy_link&igsh=NTc4MTIwNjQ2YQ==
2026-01-28 19:36:55,174 - instagram_downloader - INFO - Extracting video information...
2026-01-28 19:36:56,916 - instagram_downloader - INFO - Successfully downloaded: DT8oTNwk0lu.mp4
2026-01-29 18:03:06,340 - instagram_downloader - INFO - Instagram Downloader API starting up...
2026-01-29 18:03:49,880 - instagram_downloader - INFO - Processing download request for: https://www.instagram.com/reel/DUBL2pjEvyX/?utm_source=ig_web_copy_link&igsh=NTc4MTIwNjQ2YQ==
2026-01-29 18:03:50,262 - instagram_downloader - INFO - Extracting video information...
2026-01-29 18:03:52,455 - instagram_downloader - INFO - Successfully downloaded: Video by me_writer_10k_DUBL2pjEvyX.mp4
2026-01-29 18:04:32,165 - instagram_downloader - INFO - Extracting video information...
2026-01-29 18:04:33,732 - instagram_downloader - INFO - Successfully downloaded: Video by clips_DT8WhSQkl5j.mp4
2026-01-29 18:05:20,698 - instagram_downloader - INFO - Instagram Downloader API starting up...
2026-01-29 18:05:27,068 - instagram_downloader - INFO - Extracting video information...
2026-01-29 18:05:30,302 - instagram_downloader - INFO - Successfully downloaded: Video by clips_DT8WhSQkl5j.mp4
2026-01-29 18:09:05,703 - instagram_downloader - INFO - Instagram Downloader API starting up...
2026-01-29 18:09:21,898 - instagram_downloader - INFO - Extracting video information...
2026-01-29 18:09:23,150 - instagram_downloader - INFO - Successfully downloaded: Video by clips_DT8WhSQkl5j.mp4
2026-01-29 18:10:19,908 - instagram_downloader - INFO - Fetching info for: https://www.instagram.com/reel/DRsKmH1kmXu/?utm_source=ig_web_copy_link&igsh=NTc4MTIwNjQ2YQ==
2026-01-29 18:10:23,675 - instagram_downloader - INFO - Processing download request for: https://www.instagram.com/reel/DRsKmH1kmXu/?utm_source=ig_web_copy_link&igsh=NTc4MTIwNjQ2YQ==
2026-01-29 18:10:23,908 - instagram_downloader - INFO - Extracting video information...
2026-01-29 18:10:25,094 - instagram_downloader - INFO - Successfully downloaded: Video by mr_love_143__DRsKmH1kmXu.mp4
2026-01-29 18:13:08,520 - instagram_downloader - INFO - Instagram Downloader API starting up...
2026-01-29 18:13:08,991 - instagram_downloader - INFO - Fetching info for: https://www.instagram.com/reel/DT8oTNwk0lu/?utm_source=ig_web_copy_link&igsh=NTc4MTIwNjQ2YQ==
2026-01-29 18:13:13,066 - instagram_downloader - INFO - Processing download request for: https://www.instagram.com/reel/DT8oTNwk0lu/?utm_source=ig_web_copy_link&igsh=NTc4MTIwNjQ2YQ==
2026-01-29 18:13:13,202 - instagram_downloader - INFO - Extracting video information...
2026-01-29 18:13:14,304 - instagram_downloader - INFO - Successfully downloaded: Video by karannsingh_25_DT8oTNwk0lu.mp4
2026-01-29 18:13:17,077 - httpx - INFO - HTTP Request: GET https://instagram.fskt2-1.fna.fbcdn.net/v/t51.2885-15/622132643_18344302831235287_8377768717934765382_n.jpg?stp=dst-jpg_e15_tt6 "HTTP/1.1 403 Forbidden"
2026-01-29 18:17:38,586 - instagram_downloader - INFO - Extracting video information...
2026-01-29 18:17:39,944 - instagram_downloader - INFO - Successfully downloaded: Video by clips_DT8WhSQkl5j.mp4
2026-01-29 18:17:44,764 - instagram_downloader - INFO - Instagram Downloader API starting up...
2026-01-29 18:18:06,264 - instagram_downloader - INFO - Extracting video information...
2026-01-29 18:18:08,248 - instagram_downloader - INFO - Successfully downloaded: DT8WhSQkl5j.mp4
2026-01-29 18:24:58,076 - instagram_downloader - INFO - Processing download request for: https://www.instagram.com/reel/DUAmXIjgTmm/?igsh=NzgxeXo5dmd6MGhp
2026-01-29 18:24:58,234 - instagram_downloader - INFO - Extracting video information...
2026-01-29 18:24:59,316 - instagram_downloader - ERROR - yt-dlp download error: [0;31mERROR:[0m [Instagram] DUAmXIjgTmm: Instagram sent an empty media response. Check if this post is accessible in your browser without being logged-in. If it is not, then use --cookies-from-browser or --cookies for the authentication. See  https://github.com/yt-dlp/yt-dlp/wiki/FAQ#how-do-i-pass-cookies-to-yt-dlp  for how to manually pass cookies. Otherwise, if the post is accessible in browser without being logged-in, please report this issue on  https://github.com/yt-dlp/yt-dlp/issues?q= , filling out the appropriate issue template. Confirm you are on the latest version using  yt-dlp -U
2026-01-29 18:25:03,640 - instagram_downloader - INFO - Instagram Downloader API starting up...
2026-01-29 18:29:40,596 - instagram_downloader - INFO - Instagram Downloader API v2.0 starting up...
2026-01-29 18:29:40,596 - instagram_downloader - INFO - Cookie-less mode enabled - trying multiple methods
2026-01-29 18:29:48,189 - instagram_downloader - INFO - Extracted shortcode: DT8WhSQkl5j
2026-01-29 18:29:48,190 - instagram_downloader - INFO - Trying method: Direct API
2026-01-29 18:29:48,191 - instagram_downloader - INFO - Attempting direct API method for DT8WhSQkl5j
2026-01-29 18:29:51,155 - instagram_downloader - INFO - Trying method: HTML Scraping
2026-01-29 18:29:51,156 - instagram_downloader - INFO - Attempting HTML scraping for DT8WhSQkl5j
2026-01-29 18:29:53,069 - instagram_downloader - INFO - Trying method: yt-dlp (Public)
2026-01-29 18:29:53,070 - instagram_downloader - INFO - Attempting yt-dlp public method for DT8WhSQkl5j
2026-01-29 18:30:27,150 - instagram_downloader - INFO - Extracted shortcode: DT8WhSQkl5j
2026-01-29 18:30:27,150 - instagram_downloader - INFO - Trying method: Direct API
2026-01-29 18:30:27,151 - instagram_downloader - INFO - Attempting direct API method for DT8WhSQkl5j
2026-01-29 18:30:29,127 - instagram_downloader - INFO - Trying method: HTML Scraping
2026-01-29 18:30:29,128 - instagram_downloader - INFO - Attempting HTML scraping for DT8WhSQkl5j
2026-01-29 18:30:31,270 - instagram_downloader - INFO - Trying method: yt-dlp (Public)
2026-01-29 18:30:31,271 - instagram_downloader - INFO - Attempting yt-dlp public method for DT8WhSQkl5j
2026-01-29 18:32:56,187 - instagram_downloader - INFO - Processing download request for: https://www.instagram.com/reel/DNVYFkkPxcM/?igsh=MWQxcWM0N2RqeWJkZg==
2026-01-29 18:32:56,188 - instagram_downloader - INFO - Extracted shortcode: DNVYFkkPxcM
2026-01-29 18:32:56,190 - instagram_downloader - INFO - Trying method: Direct API
2026-01-29 18:32:56,190 - instagram_downloader - INFO - Attempting direct API method for DNVYFkkPxcM
2026-01-29 18:32:58,245 - instagram_downloader - INFO - Trying method: HTML Scraping
2026-01-29 18:32:58,246 - instagram_downloader - INFO - Attempting HTML scraping for DNVYFkkPxcM
2026-01-29 18:33:00,279 - instagram_downloader - INFO - Trying method: yt-dlp (Public)
2026-01-29 18:33:00,279 - instagram_downloader - INFO - Attempting yt-dlp public method for DNVYFkkPxcM
2026-01-29 18:33:06,495 - instagram_downloader - INFO - Instagram Downloader API v2.0 starting up...
2026-01-29 18:33:06,496 - instagram_downloader - INFO - Cookie-less mode enabled - trying multiple methods
